// Jest Snapshot v1, https://goo.gl/fbAQLP

exports[`Test Searchbar component should render correctly 1`] = `
Array [
  <Searchbar
    inputSearch={
      Object {
        "current": [MockFunction],
      }
    }
    isLoading={false}
    searchBar={
      Object {
        "current": [MockFunction],
      }
    }
    searchError={null}
    searchStr={null}
    setSearchStr={[MockFunction]}
  />,
]
`;
